// Jest Snapshot v1, https://goo.gl/fbAQLP

exports[`UserCard component renders the test correctly 1`] = `
{
  "asFragment": [Function],
  "baseElement": <body>
    <div>
      <div
        class="m-4 px-6 pt-6 pb-10 text-center rounded-xl shadow-lg border-2 border-blue-500 bg-white"
      >
        <img
          alt="gituser"
          class="mx-auto w-48 h-48 rounded-full"
          src="https://avatars.githubusercontent.com/u/2?v=4"
        />
        <p
          class="mt-4 mb-6 text-2xl font-medium"
        >
          gituser
        </p>
        <a
          class="px-5 py-3 text-white bg-sky-700 rounded-lg"
          href="/user/gituser"
        >
          VIEW PROFILE
        </a>
      </div>
    </div>
  </body>,
  "container": <div>
    <div
      class="m-4 px-6 pt-6 pb-10 text-center rounded-xl shadow-lg border-2 border-blue-500 bg-white"
    >
      <img
        alt="gituser"
        class="mx-auto w-48 h-48 rounded-full"
        src="https://avatars.githubusercontent.com/u/2?v=4"
      />
      <p
        class="mt-4 mb-6 text-2xl font-medium"
      >
        gituser
      </p>
      <a
        class="px-5 py-3 text-white bg-sky-700 rounded-lg"
        href="/user/gituser"
      >
        VIEW PROFILE
      </a>
    </div>
  </div>,
  "debug": [Function],
  "findAllByAltText": [Function],
  "findAllByDisplayValue": [Function],
  "findAllByLabelText": [Function],
  "findAllByPlaceholderText": [Function],
  "findAllByRole": [Function],
  "findAllByTestId": [Function],
  "findAllByText": [Function],
  "findAllByTitle": [Function],
  "findByAltText": [Function],
  "findByDisplayValue": [Function],
  "findByLabelText": [Function],
  "findByPlaceholderText": [Function],
  "findByRole": [Function],
  "findByTestId": [Function],
  "findByText": [Function],
  "findByTitle": [Function],
  "getAllByAltText": [Function],
  "getAllByDisplayValue": [Function],
  "getAllByLabelText": [Function],
  "getAllByPlaceholderText": [Function],
  "getAllByRole": [Function],
  "getAllByTestId": [Function],
  "getAllByText": [Function],
  "getAllByTitle": [Function],
  "getByAltText": [Function],
  "getByDisplayValue": [Function],
  "getByLabelText": [Function],
  "getByPlaceholderText": [Function],
  "getByRole": [Function],
  "getByTestId": [Function],
  "getByText": [Function],
  "getByTitle": [Function],
  "queryAllByAltText": [Function],
  "queryAllByDisplayValue": [Function],
  "queryAllByLabelText": [Function],
  "queryAllByPlaceholderText": [Function],
  "queryAllByRole": [Function],
  "queryAllByTestId": [Function],
  "queryAllByText": [Function],
  "queryAllByTitle": [Function],
  "queryByAltText": [Function],
  "queryByDisplayValue": [Function],
  "queryByLabelText": [Function],
  "queryByPlaceholderText": [Function],
  "queryByRole": [Function],
  "queryByTestId": [Function],
  "queryByText": [Function],
  "queryByTitle": [Function],
  "rerender": [Function],
  "unmount": [Function],
}
`;
